[2026-01-16 08:20:23] [INFO] === Redmine Sync Started ===
[2026-01-16 08:20:23] [INFO] File: samples/wbs_update.csv
[2026-01-16 08:20:23] [INFO] Dry Run: true
[2026-01-16 08:20:23] [INFO] Log File: ./sync-20260116-082023.log
[2026-01-16 08:20:23] [INFO] Loading config from: sync-config.yml
[2026-01-16 08:20:23] [INFO] Project: 本番環境
[2026-01-16 08:20:23] [INFO] Parsing file: samples/wbs_update.csv
[2026-01-16 08:20:23] [INFO] Parsed 3 rows
[2026-01-16 08:20:23] [INFO] Calculating diff...
[2026-01-16 08:20:24] [INFO] Diff items: 3
[2026-01-16 08:20:24] [INFO]   CREATE: 3
[2026-01-16 08:20:24] [INFO]   UPDATE: 0
[2026-01-16 08:20:24] [INFO] Redmine URL: https://redmine.example.com
[2026-01-16 08:20:24] [INFO] Redmine Project: project-a
[2026-01-16 08:20:24] [INFO] Executing sync...
[2026-01-16 08:20:24] [INFO] DRY_RUN CREATE UPDATE-001 設計書更新(担当変更)
[2026-01-16 08:20:24] [INFO] DRY_RUN CREATE UPDATE-002 実装完了報告
[2026-01-16 08:20:24] [INFO] DRY_RUN CREATE UPDATE-003 日程変更
[2026-01-16 08:20:24] [INFO] === Sync Complete ===
[2026-01-16 08:20:24] [INFO] Total: 3
[2026-01-16 08:20:24] [INFO] Success: 3
[2026-01-16 08:20:24] [INFO] Errors: 0
