[2026-01-16 08:16:57] [INFO] === Redmine Sync Started ===
[2026-01-16 08:16:57] [INFO] File: samples/wbs_hierarchy.csv
[2026-01-16 08:16:57] [INFO] Dry Run: true
[2026-01-16 08:16:57] [INFO] Log File: ./sync-20260116-081657.log
[2026-01-16 08:16:57] [INFO] Loading config from: sync-config.yml
[2026-01-16 08:16:57] [INFO] Project: 本番環境
[2026-01-16 08:16:57] [INFO] Parsing file: samples/wbs_hierarchy.csv
[2026-01-16 08:16:57] [INFO] Parsed 10 rows
[2026-01-16 08:16:57] [INFO] Calculating diff...
[2026-01-16 08:17:00] [INFO] Diff items: 10
[2026-01-16 08:17:00] [INFO]   CREATE: 10
[2026-01-16 08:17:00] [INFO]   UPDATE: 0
[2026-01-16 08:17:00] [INFO] Redmine URL: https://redmine.example.com
[2026-01-16 08:17:00] [INFO] Redmine Project: project-a
[2026-01-16 08:17:00] [INFO] Executing sync...
[2026-01-16 08:17:00] [INFO] DRY_RUN CREATE HIER-001 認証システム
[2026-01-16 08:17:00] [INFO] DRY_RUN CREATE HIER-002 ユーザー認証
[2026-01-16 08:17:00] [INFO] DRY_RUN CREATE HIER-003 ログイン機能
[2026-01-16 08:17:00] [INFO] DRY_RUN CREATE HIER-004 画面設計書
[2026-01-16 08:17:00] [INFO] DRY_RUN CREATE HIER-006 API設計書
[2026-01-16 08:17:00] [INFO] DRY_RUN CREATE HIER-008 ソースコード
[2026-01-16 08:17:00] [INFO] DRY_RUN CREATE HIER-005 ログイン画面設計
[2026-01-16 08:17:00] [INFO] DRY_RUN CREATE HIER-007 認証API設計
[2026-01-16 08:17:00] [INFO] DRY_RUN CREATE HIER-009 フロントエンド実装
[2026-01-16 08:17:00] [INFO] DRY_RUN CREATE HIER-010 バックエンド実装
[2026-01-16 08:17:00] [INFO] === Sync Complete ===
[2026-01-16 08:17:00] [INFO] Total: 10
[2026-01-16 08:17:00] [INFO] Success: 10
[2026-01-16 08:17:00] [INFO] Errors: 0
