[2026-01-16 08:18:58] [INFO] === Redmine Sync Started ===
[2026-01-16 08:18:58] [INFO] File: samples/wbs_dates.csv
[2026-01-16 08:18:58] [INFO] Dry Run: true
[2026-01-16 08:18:58] [INFO] Log File: ./sync-20260116-081858.log
[2026-01-16 08:18:58] [INFO] Loading config from: sync-config.yml
[2026-01-16 08:18:58] [INFO] Project: 本番環境
[2026-01-16 08:18:58] [INFO] Parsing file: samples/wbs_dates.csv
[2026-01-16 08:18:59] [INFO] Parsed 5 rows
[2026-01-16 08:18:59] [INFO] Calculating diff...
[2026-01-16 08:19:02] [INFO] Diff items: 5
[2026-01-16 08:19:02] [INFO]   CREATE: 5
[2026-01-16 08:19:02] [INFO]   UPDATE: 0
[2026-01-16 08:19:02] [INFO] Redmine URL: https://redmine.example.com
[2026-01-16 08:19:02] [INFO] Redmine Project: project-a
[2026-01-16 08:19:02] [INFO] Executing sync...
[2026-01-16 08:19:02] [INFO] DRY_RUN CREATE DATE-001 完了済みタスク
[2026-01-16 08:19:02] [INFO] DRY_RUN CREATE DATE-002 進行中タスク(着手済み)
[2026-01-16 08:19:02] [INFO] DRY_RUN CREATE DATE-003 未着手タスク
[2026-01-16 08:19:02] [INFO] DRY_RUN CREATE DATE-004 遅延タスク(着手遅れ)
[2026-01-16 08:19:02] [INFO] DRY_RUN CREATE DATE-005 遅延タスク(完了遅れ)
[2026-01-16 08:19:02] [INFO] === Sync Complete ===
[2026-01-16 08:19:02] [INFO] Total: 5
[2026-01-16 08:19:02] [INFO] Success: 5
[2026-01-16 08:19:02] [INFO] Errors: 0
